// Jest Snapshot v1, https://goo.gl/fbAQLP

exports[`should render 1`] = `
<div
  data-taskId="superSecretId"
>
  <glamorous(h4)>
    Task 1
  </glamorous(h4)>
  <glamorous(button)
    onClick={[Function]}
  >
    Ã—
  </glamorous(button)>
  <glamorous(p)>
    Watch Netflix
  </glamorous(p)>
</div>
`;
