// Jest Snapshot v1, https://goo.gl/fbAQLP

exports[`should render correctly 1`] = `
<glamorous(h1)>
  25:00
</glamorous(h1)>
`;
