// Jest Snapshot v1, https://goo.gl/fbAQLP

exports[`should render 1`] = `
<glamorous(div)>
  <glamorous(textarea)
    onChange={[Function]}
    value="Learn Marko"
  />
  <button
    onClick={[Function]}
  >
    âœ“
  </button>
</glamorous(div)>
`;
